// Jest Snapshot v1, https://goo.gl/fbAQLP

exports[`<Post /> <Post /> should render ID not found as there is no post with this id 1`] = `
<div>
  Sorry, the post with this ID was not found!
</div>
`;

exports[`<Post /> <Post /> should render ID not found if no post retrieved 1`] = `
<div>
  Sorry, the post with this ID was not found!
</div>
`;

exports[`<Post /> <Post /> should render as expected 1`] = `
<div>
  <h2
    className="title"
  >
    Apples
  </h2>
  <p
    className="content"
  >
    High in fiber, vitamin C and lots of antioxidants.
  </p>
</div>
`;
